main :: (Bool -> Int -> Bool) = (recfun f :: (Bool -> Int -> Bool) x y = y);